     1 00000000                                 ; naskfunc
     2 00000000                                 [FORMAT "WCOFF"]					; 制作目标文件的模式
     3 00000000                                 [BITS 32]							; 制作32位模式用的机械语言
     4 00000000                                 
     5 00000000                                 
     6 00000000                                 [FILE "naskfunc.nas"]				; 源文件名信息
     7 00000000                                 
     8 00000000                                 		GLOBAL _io_hlt				; 程序中包含的函数名
     9 00000000                                 
    10                                          [SECTION .text]
    11 00000000                                 
    12 00000000                                 ;以下是实际的函数
    13 00000000                                 
    14 00000000                                 _io_hlt:							; void _io_hlt(void)
    15 00000000 F4                              		HLT
    16 00000001 C3                              		RET